[Licensing::Module] Trying to connect to existing licensing client channel...
Built from '6000.3/staging' branch; Version is '6000.3.22f1 (1c726e1fb402) revision 1864302'; Using compiler version '194234433'; Build Type 'Release'
[Licensing::IpcConnector] Successfully connected to: "LicenseClient-이혜연" at "2026-08-20T20:22:48.7462587Z"
OS: 'Windows 11  (10.0.26200) Professional' Language: 'ko' Physical Memory: 31797 MB
BatchMode: 1, IsHumanControllingUs: 0, StartBugReporterOnCrash: 0, Is64bit: 1
System  architecture: x64
Process architecture: x64
Date: 2026-08-20T20:22:48Z

COMMAND LINE ARGUMENTS:
C:\Program Files\Unity\Hub\Editor\6000.3.22f1\Editor\Unity.exe
-batchmode
-nographics
-quit
-projectPath
C:\DevHub\02_GameDev\GONGSAMZ\BungeoppangTycoon
-executeMethod
SettingsOptionsFigmaPrefabBuilder.CapturePreviewFromCommandLine
-logFile
C:\DevHub\02_GameDev\GONGSAMZ\resources\ui-qa\settings-options-v4-batch.log
Successfully changed project path to: C:\DevHub\02_GameDev\GONGSAMZ\BungeoppangTycoon
C:/DevHub/02_GameDev/GONGSAMZ/BungeoppangTycoon
Exiting without the bug reporter. Application will terminate with return code 1