[Licensing::Module] Trying to connect to existing licensing client channel...
Built from '6000.3/staging' branch; Version is '6000.3.22f1 (1c726e1fb402) revision 1864302'; Using compiler version '194234433'; Build Type 'Release'
[Licensing::IpcConnector] Successfully connected to: "LicenseClient-이혜연" at "2026-08-20T22:01:03.532914Z"
OS: 'Windows 11  (10.0.26200) Professional' Language: 'ko' Physical Memory: 31797 MB
BatchMode: 1, IsHumanControllingUs: 0, StartBugReporterOnCrash: 0, Is64bit: 1
System  architecture: x64
Process architecture: x64
Date: 2026-08-20T22:01:03Z

COMMAND LINE ARGUMENTS:
C:\Program Files\Unity\Hub\Editor\6000.3.22f1\Editor\Unity.exe
-batchmode
-quit
-projectPath
C:\DevHub\02_GameDev\GONGSAMZ\BungeoppangTycoon
-buildTarget
WebGL
-executeMethod
StorePrefabBuilder.BuildAndCaptureFromCommandLine
-logFile
C:\DevHub\02_GameDev\GONGSAMZ\BungeoppangTycoon\ui-handoff\ui-store\v1\verification\unity-build.log
Successfully changed project path to: C:\DevHub\02_GameDev\GONGSAMZ\BungeoppangTycoon
C:/DevHub/02_GameDev/GONGSAMZ/BungeoppangTycoon
[UnityMemory] Configuration Parameters - Can be set up in boot.config
    "memorysetup-temp-allocator-size-nav-mesh-worker=65536"
    "memorysetup-temp-allocator-size-audio-worker=65536"
    "memorysetup-temp-allocator-size-gfx=262144"
    "memorysetup-allocator-temp-initial-block-size-main=262144"
    "memorysetup-allocator-temp-initial-block-size-worker=262144"
    "memorysetup-temp-allocator-size-background-worker=32768"
    "memorysetup-temp-allocator-size-job-worker=262144"
    "memorysetup-temp-allocator-size-preload-manager=33554432"
    "memorysetup-temp-allocator-size-gi-baking-worker=262144"
    "memorysetup-temp-allocator-size-gi-baking-worker=262144"
    "memorysetup-temp-allocator-size-gi-baking-worker=262144"
    "memorysetup-temp-allocator-size-gi-baking-worker=262144"
    "memorysetup-temp-allocator-size-gi-baking-worker=262144"
    "memorysetup-bucket-allocator-granularity=16"
    "memorysetup-bucket-allocator-bucket-count=8"
    "memorysetup-bucket-allocator-block-size=33554432"
    "memorysetup-bucket-allocator-block-count=8"
    "memorysetup-main-allocator-block-size=16777216"
    "memorysetup-thread-allocator-block-size=16777216"
    "memorysetup-gfx-main-allocator-block-size=16777216"
    "memorysetup-gfx-thread-allocator-block-size=16777216"
    "memorysetup-cache-allocator-block-size=4194304"
    "memorysetup-typetree-allocator-block-size=2097152"
    "memorysetup-profiler-bucket-allocator-granularity=16"
    "memorysetup-profiler-bucket-allocator-bucket-count=8"
    "memorysetup-profiler-bucket-allocator-block-size=33554432"
    "memorysetup-profiler-bucket-allocator-block-count=8"
    "memorysetup-profiler-allocator-block-size=16777216"
    "memorysetup-profiler-editor-allocator-block-size=1048576"
    "memorysetup-temp-allocator-size-main=16777216"
    "memorysetup-job-temp-allocator-block-size=2097152"
    "memorysetup-job-temp-allocator-block-size-background=1048576"
    "memorysetup-job-temp-allocator-reduction-small-platforms=262144"
    "memorysetup-temp-allocator-size-cloud-worker=32768"
Player connection [16212]  Target information:

Player connection [16212]  * "[IP] 172.27.16.1 [Port] 55504 [Flags] 2 [Guid] 623891417 [EditorId] 623891417 [Version] 1048832 [Id] WindowsEditor(7,DESKTOP-DIVKBF6) [Debug] 1 [PackageName] WindowsEditor [ProjectName] Editor" 

Player connection [16212]  * "[IP] 172.26.0.1 [Port] 55504 [Flags] 2 [Guid] 623891417 [EditorId] 623891417 [Version] 1048832 [Id] WindowsEditor(7,DESKTOP-DIVKBF6) [Debug] 1 [PackageName] WindowsEditor [ProjectName] Editor" 

Player connection [16212]  * "[IP] 172.30.1.52 [Port] 55504 [Flags] 2 [Guid] 623891417 [EditorId] 623891417 [Version] 1048832 [Id] WindowsEditor(7,DESKTOP-DIVKBF6) [Debug] 1 [PackageName] WindowsEditor [ProjectName] Editor" 

Unable to join player connection multicast group (err: 10013).
Player connection [16212] Host joined alternative multi-casting on [225.0.0.222:34997]...
Input System module state changed to: Initialized.
[Physics::Module] Initialized fallback backend.
[Physics::Module] Id: 0xdecafbad
[Package Manager] Connected to IPC stream "Upm-17624" after 0.2 seconds.
[Licensing::Module] Licensing is not yet initialized.
[Licensing::Client] Error: HandshakeResponse reported an error:
	ResponseCode: 505
	ResponseStatus: Unsupported protocol version '1.18.1'.
[Licensing::Module] Error: Failed to handshake to channel: "LicenseClient-이혜연"
[Licensing::IpcConnector] LicenseClient-이혜연 channel disconnected successfully.
[Licensing::IpcConnector] Channel LicenseClient-이혜연-6000.3.22 doesn't exist
[Licensing::Module] Successfully launched the LicensingClient (PId: 29072)
[Licensing::IpcConnector] Successfully connected to: "LicenseClient-이혜연-6000.3.22" at "2026-08-20T22:01:05.5898948Z"
[Licensing::Client] Code 10 while verifying Licensing Client signature (process Id: 29072, path: "C:/Program Files/Unity/Hub/Editor/6000.3.22f1/Editor/Data/Resources/Licensing/Client/Unity.Licensing.Client.exe")
[Licensing::Module] LicensingClient has failed validation; ignoring
[Licensing::Client] Handshaking with LicensingClient:
  Version:                 1.18.1+9fbee8e
  Session Id:              577343cf0db64d39acc3078aff2b8149
  Correlation Id:          dac64380af5cc26a505c7359743e0000
  External correlation Id: 3454883313329645679
  Machine Id:              8beLoS2JvP+6ctqYCA907sOCoSU=
[Licensing::Module] Successfully connected to LicensingClient on channel: "LicenseClient-이혜연-6000.3.22" (connect: 0.37s, validation: 0.10s, handshake: 0.01s)
[Licensing::IpcConnector] Successfully connected to: "LicenseClient-이혜연-6000.3.22-notifications" at "2026-08-20T22:01:05.7027394Z"
[Licensing::Module] Connected to LicensingClient (PId: 29072, launch time: 0.01, total connection time: 0.49s)
[Licensing::Module] Error: Access token is unavailable; failed to update
[Licensing::Client] Successfully resolved entitlement details
[Licensing::Module] License group:
  Id: 14569389364920-UnityPersXXXX
  Product: Unity Personal
  Type: Assigned
  Expiration: Unlimited
[Licensing::Client] Successfully updated license, isAsync: True, time: 0.00
[Licensing::Client] Successfully resolved entitlement details
[Licensing::Module] Licensing Background thread has ended after 2.19s
[Licensing::Module] Licensing is initialized (took 1.79s).
[Licensing::Client] Successfully resolved entitlement details
Library Redirect Path: Library/
[Physics::Module] Selected backend.
[Physics::Module] Name: PhysX
[Physics::Module] Id: 0xf2b8ea05
[Physics::Module] SDK Version: 4.1.2
[Physics::Module] Integration Version: 1.0.0
[Physics::Module] Threading Mode: Multi-Threaded
Artifact Garbage Collection - Removed 2 unused hashed content files
Targeting platform: WebGL
Refreshing native plugins compatible for Editor in 0.90 ms, found 0 plugins.
Preloading 0 native plugins for Editor in 0.00 ms.
Initialize engine version: 6000.3.22f1 (1c726e1fb402)
[Subsystems] Discovering subsystems at path C:/Program Files/Unity/Hub/Editor/6000.3.22f1/Editor/Data/Resources/UnitySubsystems
[Subsystems] Discovering subsystems at path C:/DevHub/02_GameDev/GONGSAMZ/BungeoppangTycoon/Assets
GfxDevice: creating device client; kGfxThreadingModeNonThreaded
Direct3D:
    Version:  Direct3D 11.0 [level 11.1]
    Renderer: NVIDIA GeForce RTX 5070 Ti (ID=0x2c05)
    Vendor:   NVIDIA
    VRAM:     15995 MB
    Driver:   32.0.15.9649
Initialize mono
Mono path[0] = 'C:/Program Files/Unity/Hub/Editor/6000.3.22f1/Editor/Data/Managed'
Mono path[1] = 'C:/Program Files/Unity/Hub/Editor/6000.3.22f1/Editor/Data/MonoBleedingEdge/lib/mono/unityjit-win32'
Mono config path = 'C:/Program Files/Unity/Hub/Editor/6000.3.22f1/Editor/Data/MonoBleedingEdge/etc'
Using monoOptions --debugger-agent=transport=dt_socket,embedding=1,server=y,suspend=n,address=127.0.0.1:56624
Using cacheserver namespaces - metadata:defaultmetadata, artifacts:defaultartifacts
Using cacheserver namespaces - metadata:defaultmetadata, artifacts:defaultartifacts
ImportWorker Server TCP listen port: 0
AcceleratorClientConnectionCallback - disconnected - :0
Begin MonoManager ReloadAssembly
Registering precompiled unity dll's ...
Register platform support module: C:/Program Files/Unity/Hub/Editor/6000.3.22f1/Editor/Data/PlaybackEngines/WebGLSupport/UnityEditor.WebGL.Extensions.dll
Register platform support module: C:/Program Files/Unity/Hub/Editor/6000.3.22f1/Editor/Data/PlaybackEngines/WindowsStandaloneSupport/UnityEditor.WindowsStandalone.Extensions.dll
Registered in 0.002846 seconds.
- Loaded All Assemblies, in  0.274 seconds
Native extension for WindowsStandalone target not found
Native extension for WebGL target not found
Package Manager log level set to [2]
ScheduleIndexationOnStartup MainProcess:False IndexOnStartup:True
Mono: successfully reloaded assembly
- Finished resetting the current domain, in  0.236 seconds
Domain Reload Profiling: 507ms
	BeginReloadAssembly (87ms)
		ExecutionOrderSort (0ms)
		DisableScriptedObjects (0ms)
		BackupInstance (0ms)
		ReleaseScriptingObjects (0ms)
		CreateAndSetChildDomain (2ms)
	RebuildCommonClasses (26ms)
	RebuildNativeTypeToScriptingClass (8ms)
	initialDomainReloadingComplete (34ms)
	LoadAllAssembliesAndSetupDomain (116ms)
		LoadAssemblies (82ms)
		RebuildTransferFunctionScriptingTraits (0ms)
		AnalyzeDomain (113ms)
			TypeCache.Refresh (112ms)
				TypeCache.ScanAssembly (103ms)
			BuildScriptInfoCaches (0ms)
			ResolveRequiredComponents (0ms)
	FinalizeReload (236ms)
		ReleaseScriptCaches (0ms)
		RebuildScriptCaches (0ms)
		SetupLoadedEditorAssemblies (212ms)
			LogAssemblyErrors (0ms)
			InitializePlatformSupportModulesInManaged (36ms)
			SetLoadedEditorAssemblies (3ms)
			BeforeProcessingInitializeOnLoad (45ms)
			ProcessInitializeOnLoadAttributes (75ms)
			ProcessInitializeOnLoadMethodAttributes (54ms)
			AfterProcessingInitializeOnLoad (0ms)
			EditorAssembliesLoaded (0ms)
		ExecutionOrderSort2 (0ms)
		AwakeInstancesAfterBackupRestoration (0ms)
[Licensing::Client] Successfully resolved entitlement details
Application.AssetDatabase Initial Refresh Start
[Package Manager] Restoring resolved packages state from cache
[Licensing::Client] Successfully resolved entitlement details
[Package Manager] Registered 66 packages:
  Packages from [https://packages.unity.com]:
    com.unity.collab-proxy@2.12.4 (location: C:\DevHub\02_GameDev\GONGSAMZ\BungeoppangTycoon\Library\PackageCache\com.unity.collab-proxy@0b1559bcd34e)
    com.unity.ide.rider@3.0.40 (location: C:\DevHub\02_GameDev\GONGSAMZ\BungeoppangTycoon\Library\PackageCache\com.unity.ide.rider@e4950c6d131b)
    com.unity.ide.visualstudio@2.0.26 (location: C:\DevHub\02_GameDev\GONGSAMZ\BungeoppangTycoon\Library\PackageCache\com.unity.ide.visualstudio@a99d56dec63f)
    com.unity.timeline@1.8.12 (location: C:\DevHub\02_GameDev\GONGSAMZ\BungeoppangTycoon\Library\PackageCache\com.unity.timeline@8cd8509afae5)
    com.unity.visualscripting@1.9.12 (location: C:\DevHub\02_GameDev\GONGSAMZ\BungeoppangTycoon\Library\PackageCache\com.unity.visualscripting@4edfcc09512f)
    com.unity.2d.animation@13.0.5 (location: C:\DevHub\02_GameDev\GONGSAMZ\BungeoppangTycoon\Library\PackageCache\com.unity.2d.animation@5d1ab6c077e2)
    com.unity.2d.pixel-perfect@5.1.1 (location: C:\DevHub\02_GameDev\GONGSAMZ\BungeoppangTycoon\Library\PackageCache\com.unity.2d.pixel-perfect@09d99455b901)
    com.unity.2d.psdimporter@12.0.2 (location: C:\DevHub\02_GameDev\GONGSAMZ\BungeoppangTycoon\Library\PackageCache\com.unity.2d.psdimporter@f207d91d598d)
    com.unity.2d.spriteshape@13.0.0 (location: C:\DevHub\02_GameDev\GONGSAMZ\BungeoppangTycoon\Library\PackageCache\com.unity.2d.spriteshape@0738bab11647)
    com.unity.2d.tilemap.extras@6.0.2 (location: C:\DevHub\02_GameDev\GONGSAMZ\BungeoppangTycoon\Library\PackageCache\com.unity.2d.tilemap.extras@4c5cdf9da5f3)
    com.unity.2d.aseprite@3.0.2 (location: C:\DevHub\02_GameDev\GONGSAMZ\BungeoppangTycoon\Library\PackageCache\com.unity.2d.aseprite@20edb5643ab5)
    com.unity.2d.tooling@1.0.4 (location: C:\DevHub\02_GameDev\GONGSAMZ\BungeoppangTycoon\Library\PackageCache\com.unity.2d.tooling@04422e023209)
    com.unity.searcher@4.9.5 (location: C:\DevHub\02_GameDev\GONGSAMZ\BungeoppangTycoon\Library\PackageCache\com.unity.searcher@a463122f2c00)
    com.unity.burst@1.8.30 (location: C:\DevHub\02_GameDev\GONGSAMZ\BungeoppangTycoon\Library\PackageCache\com.unity.burst@2f3d916873ea)
    com.unity.mathematics@1.3.3 (location: C:\DevHub\02_GameDev\GONGSAMZ\BungeoppangTycoon\Library\PackageCache\com.unity.mathematics@19a9377c4ffa)
    com.unity.collections@2.6.8 (location: C:\DevHub\02_GameDev\GONGSAMZ\BungeoppangTycoon\Library\PackageCache\com.unity.collections@84e8eb3fc12e)
    com.unity.2d.common@12.0.4 (location: C:\DevHub\02_GameDev\GONGSAMZ\BungeoppangTycoon\Library\PackageCache\com.unity.2d.common@3e42aeccb30d)
    com.unity.nuget.mono-cecil@1.11.6 (location: C:\DevHub\02_GameDev\GONGSAMZ\BungeoppangTycoon\Library\PackageCache\com.unity.nuget.mono-cecil@ecb9724e46ff)
    com.unity.test-framework.performance@3.5.0 (location: C:\DevHub\02_GameDev\GONGSAMZ\BungeoppangTycoon\Library\PackageCache\com.unity.test-framework.performance@8b56083ec0f0)
  Built-in packages:
    com.unity.feature.2d@2.0.2 (location: C:\DevHub\02_GameDev\GONGSAMZ\BungeoppangTycoon\Library\PackageCache\com.unity.feature.2d@0309d34ea7f2)
    com.unity.multiplayer.center@1.0.1 (location: C:\DevHub\02_GameDev\GONGSAMZ\BungeoppangTycoon\Library\PackageCache\com.unity.multiplayer.center@f01f4ba8d00a)
    com.unity.render-pipelines.universal@17.3.0 (location: C:\DevHub\02_GameDev\GONGSAMZ\BungeoppangTycoon\Library\PackageCache\com.unity.render-pipelines.universal@de1a320b3ed3)
    com.unity.test-framework@1.6.0 (location: C:\DevHub\02_GameDev\GONGSAMZ\BungeoppangTycoon\Library\PackageCache\com.unity.test-framework@bd7f943e9647)
    com.unity.ugui@2.0.0 (location: C:\DevHub\02_GameDev\GONGSAMZ\BungeoppangTycoon\Library\PackageCache\com.unity.ugui@20629863fcab)
    com.unity.modules.accessibility@1.0.0 (location: C:\DevHub\02_GameDev\GONGSAMZ\BungeoppangTycoon\Library\PackageCache\com.unity.modules.accessibility)
    com.unity.modules.adaptiveperformance@1.0.0 (location: C:\DevHub\02_GameDev\GONGSAMZ\BungeoppangTycoon\Library\PackageCache\com.unity.modules.adaptiveperformance)
    com.unity.modules.ai@1.0.0 (location: C:\DevHub\02_GameDev\GONGSAMZ\BungeoppangTycoon\Library\PackageCache\com.unity.modules.ai)
    com.unity.modules.androidjni@1.0.0 (location: C:\DevHub\02_GameDev\GONGSAMZ\BungeoppangTycoon\Library\PackageCache\com.unity.modules.androidjni)
    com.unity.modules.animation@1.0.0 (location: C:\DevHub\02_GameDev\GONGSAMZ\BungeoppangTycoon\Library\PackageCache\com.unity.modules.animation)
    com.unity.modules.assetbundle@1.0.0 (location: C:\DevHub\02_GameDev\GONGSAMZ\BungeoppangTycoon\Library\PackageCache\com.unity.modules.assetbundle)
    com.unity.modules.audio@1.0.0 (location: C:\DevHub\02_GameDev\GONGSAMZ\BungeoppangTycoon\Library\PackageCache\com.unity.modules.audio)
    com.unity.modules.cloth@1.0.0 (location: C:\DevHub\02_GameDev\GONGSAMZ\BungeoppangTycoon\Library\PackageCache\com.unity.modules.cloth)
    com.unity.modules.director@1.0.0 (location: C:\DevHub\02_GameDev\GONGSAMZ\BungeoppangTycoon\Library\PackageCache\com.unity.modules.director)
    com.unity.modules.imageconversion@1.0.0 (location: C:\DevHub\02_GameDev\GONGSAMZ\BungeoppangTycoon\Library\PackageCache\com.unity.modules.imageconversion)
    com.unity.modules.imgui@1.0.0 (location: C:\DevHub\02_GameDev\GONGSAMZ\BungeoppangTycoon\Library\PackageCache\com.unity.modules.imgui)
    com.unity.modules.jsonserialize@1.0.0 (location: C:\DevHub\02_GameDev\GONGSAMZ\BungeoppangTycoon\Library\PackageCache\com.unity.modules.jsonserialize)
    com.unity.modules.particlesystem@1.0.0 (location: C:\DevHub\02_GameDev\GONGSAMZ\BungeoppangTycoon\Library\PackageCache\com.unity.modules.particlesystem)
    com.unity.modules.physics@1.0.0 (location: C:\DevHub\02_GameDev\GONGSAMZ\BungeoppangTycoon\Library\PackageCache\com.unity.modules.physics)
    com.unity.modules.physics2d@1.0.0 (location: C:\DevHub\02_GameDev\GONGSAMZ\BungeoppangTycoon\Library\PackageCache\com.unity.modules.physics2d)
    com.unity.modules.screencapture@1.0.0 (location: C:\DevHub\02_GameDev\GONGSAMZ\BungeoppangTycoon\Library\PackageCache\com.unity.modules.screencapture)
    com.unity.modules.terrain@1.0.0 (location: C:\DevHub\02_GameDev\GONGSAMZ\BungeoppangTycoon\Library\PackageCache\com.unity.modules.terrain)
    com.unity.modules.terrainphysics@1.0.0 (location: C:\DevHub\02_GameDev\GONGSAMZ\BungeoppangTycoon\Library\PackageCache\com.unity.modules.terrainphysics)
    com.unity.modules.tilemap@1.0.0 (location: C:\DevHub\02_GameDev\GONGSAMZ\BungeoppangTycoon\Library\PackageCache\com.unity.modules.tilemap)
    com.unity.modules.ui@1.0.0 (location: C:\DevHub\02_GameDev\GONGSAMZ\BungeoppangTycoon\Library\PackageCache\com.unity.modules.ui)
    com.unity.modules.uielements@1.0.0 (location: C:\DevHub\02_GameDev\GONGSAMZ\BungeoppangTycoon\Library\PackageCache\com.unity.modules.uielements)
    com.unity.modules.umbra@1.0.0 (location: C:\DevHub\02_GameDev\GONGSAMZ\BungeoppangTycoon\Library\PackageCache\com.unity.modules.umbra)
    com.unity.modules.unityanalytics@1.0.0 (location: C:\DevHub\02_GameDev\GONGSAMZ\BungeoppangTycoon\Library\PackageCache\com.unity.modules.unityanalytics)
    com.unity.modules.unitywebrequest@1.0.0 (location: C:\DevHub\02_GameDev\GONGSAMZ\BungeoppangTycoon\Library\PackageCache\com.unity.modules.unitywebrequest)
    com.unity.modules.unitywebrequestassetbundle@1.0.0 (location: C:\DevHub\02_GameDev\GONGSAMZ\BungeoppangTycoon\Library\PackageCache\com.unity.modules.unitywebrequestassetbundle)
    com.unity.modules.unitywebrequestaudio@1.0.0 (location: C:\DevHub\02_GameDev\GONGSAMZ\BungeoppangTycoon\Library\PackageCache\com.unity.modules.unitywebrequestaudio)
    com.unity.modules.unitywebrequesttexture@1.0.0 (location: C:\DevHub\02_GameDev\GONGSAMZ\BungeoppangTycoon\Library\PackageCache\com.unity.modules.unitywebrequesttexture)
    com.unity.modules.unitywebrequestwww@1.0.0 (location: C:\DevHub\02_GameDev\GONGSAMZ\BungeoppangTycoon\Library\PackageCache\com.unity.modules.unitywebrequestwww)
    com.unity.modules.vectorgraphics@1.0.0 (location: C:\DevHub\02_GameDev\GONGSAMZ\BungeoppangTycoon\Library\PackageCache\com.unity.modules.vectorgraphics)
    com.unity.modules.vehicles@1.0.0 (location: C:\DevHub\02_GameDev\GONGSAMZ\BungeoppangTycoon\Library\PackageCache\com.unity.modules.vehicles)
    com.unity.modules.video@1.0.0 (location: C:\DevHub\02_GameDev\GONGSAMZ\BungeoppangTycoon\Library\PackageCache\com.unity.modules.video)
    com.unity.modules.vr@1.0.0 (location: C:\DevHub\02_GameDev\GONGSAMZ\BungeoppangTycoon\Library\PackageCache\com.unity.modules.vr)
    com.unity.modules.wind@1.0.0 (location: C:\DevHub\02_GameDev\GONGSAMZ\BungeoppangTycoon\Library\PackageCache\com.unity.modules.wind)
    com.unity.modules.xr@1.0.0 (location: C:\DevHub\02_GameDev\GONGSAMZ\BungeoppangTycoon\Library\PackageCache\com.unity.modules.xr)
    com.unity.modules.subsystems@1.0.0 (location: C:\DevHub\02_GameDev\GONGSAMZ\BungeoppangTycoon\Library\PackageCache\com.unity.modules.subsystems)
    com.unity.modules.hierarchycore@1.0.0 (location: C:\DevHub\02_GameDev\GONGSAMZ\BungeoppangTycoon\Library\PackageCache\com.unity.modules.hierarchycore)
    com.unity.ext.nunit@2.0.5 (location: C:\DevHub\02_GameDev\GONGSAMZ\BungeoppangTycoon\Library\PackageCache\com.unity.ext.nunit@d8c07649098d)
    com.unity.render-pipelines.core@17.3.0 (location: C:\DevHub\02_GameDev\GONGSAMZ\BungeoppangTycoon\Library\PackageCache\com.unity.render-pipelines.core@202510c2d2a2)
    com.unity.shadergraph@17.3.0 (location: C:\DevHub\02_GameDev\GONGSAMZ\BungeoppangTycoon\Library\PackageCache\com.unity.shadergraph@aa8306cf39d6)
    com.unity.render-pipelines.universal-config@17.0.3 (location: C:\DevHub\02_GameDev\GONGSAMZ\BungeoppangTycoon\Library\PackageCache\com.unity.render-pipelines.universal-config@8dc1aab4af1d)
    com.unity.2d.sprite@1.0.0 (location: C:\DevHub\02_GameDev\GONGSAMZ\BungeoppangTycoon\Library\PackageCache\com.unity.2d.sprite@d8bb22511404)
    com.unity.2d.tilemap@1.0.0 (location: C:\DevHub\02_GameDev\GONGSAMZ\BungeoppangTycoon\Library\PackageCache\com.unity.2d.tilemap@f666889fd587)
[Subsystems] No new subsystems found in resolved package list.
[Package Manager] Done registering packages in 0.02 seconds
[ScriptCompilation] Requested script compilation because: Assetdatabase observed changes in script compilation related files
Starting: C:\Program Files\Unity\Hub\Editor\6000.3.22f1\Editor\Data\Tools\BuildPipeline\bee_backend.exe --ipc --defer-dag-verification --dagfile="Library/Bee/2000b0aE.dag" --continue-on-failure --profile="Library/Bee/backend1.traceevents" ScriptAssemblies
WorkingDir: C:/DevHub/02_GameDev/GONGSAMZ/BungeoppangTycoon
DisplayProgressbar: Compiling Scripts
ExitCode: 0 Duration: 0s923ms
[ 803/1034  0s] ILPP-Configuration Library/ilpp-configuration.nevergeneratedoutput
[1026/1034  0s] Csc Library/Bee/artifacts/2000b0aE.dag/Assembly-CSharp.dll (+2 others)
[1027/1034  0s] Csc Library/Bee/artifacts/2000b0aE.dag/Assembly-CSharp-Editor.dll (+2 others)
[1028/1034  0s] ILPostProcess Library/Bee/artifacts/2000b0aE.dag/post-processed/Assembly-CSharp-Editor.dll (+pdb)
Processing assembly Library/Bee/artifacts/2000b0aE.dag/Assembly-CSharp-Editor.dll, with 113 defines and 351 references

processors: Unity.Jobs.CodeGen.JobsILPostProcessor, zzzUnity.Burst.CodeGen.BurstILPostProcessor

running Unity.Jobs.CodeGen.JobsILPostProcessor

running zzzUnity.Burst.CodeGen.BurstILPostProcessor
[1029/1034  0s] ILPostProcess Library/Bee/artifacts/2000b0aE.dag/post-processed/Assembly-CSharp.dll (+pdb)
Processing assembly Library/Bee/artifacts/2000b0aE.dag/Assembly-CSharp.dll, with 115 defines and 323 references

processors: Unity.Jobs.CodeGen.JobsILPostProcessor, zzzUnity.Burst.CodeGen.BurstILPostProcessor

running Unity.Jobs.CodeGen.JobsILPostProcessor

running zzzUnity.Burst.CodeGen.BurstILPostProcessor
[1030/1034  0s] CopyFiles Library/ScriptAssemblies/Assembly-CSharp-Editor.pdb
[1031/1034  0s] CopyFiles Library/ScriptAssemblies/Assembly-CSharp.pdb
[1032/1034  0s] CopyFiles Library/ScriptAssemblies/Assembly-CSharp.dll
[1033/1034  0s] CopyFiles Library/ScriptAssemblies/Assembly-CSharp-Editor.dll
*** Tundra build success (0.89 seconds), 9 items updated, 1034 evaluated
AssetDatabase: script compilation time: 1.261748s
Begin MonoManager ReloadAssembly
- Loaded All Assemblies, in  0.933 seconds
Refreshing native plugins compatible for Editor in 2.55 ms, found 5 plugins.
Native extension for WindowsStandalone target not found
Native extension for WebGL target not found
Refreshing native plugins compatible for Editor in 2.52 ms, found 5 plugins.
Your project uses Compatibility Mode, which disables the render graph system. Compatibility Mode is deprecated. Migrate your ScriptableRenderPasses to the Render Graph API instead. After you migrate, go to Edit > Project Settings > Player and remove the URP_COMPATIBILITY_MODE define from the Scripting Define Symbols. If you don't remove the define, build time and build size are slightly increased.
UnityEngine.Debug:ExtractStackTraceNoAlloc (byte*,int,string)
UnityEngine.StackTraceUtility:ExtractStackTrace ()
UnityEngine.DebugLogHandler:Internal_Log (UnityEngine.LogType,UnityEngine.LogOption,string,UnityEngine.Object)
UnityEngine.DebugLogHandler:LogFormat (UnityEngine.LogType,UnityEngine.Object,string,object[])
UnityEngine.Logger:Log (UnityEngine.LogType,object)
UnityEngine.Debug:LogWarning (object)
UnityEngine.Rendering.Universal.WarnUsingNonRenderGraph:EmitConsoleWarning () (at ./Library/PackageCache/com.unity.render-pipelines.universal@de1a320b3ed3/Runtime/Data/UniversalRenderPipelineAsset.cs:440)
System.Reflection.RuntimeMethodInfo:Invoke (object,System.Reflection.BindingFlags,System.Reflection.Binder,object[],System.Globalization.CultureInfo)
System.Reflection.MethodBase:Invoke (object,object[])
UnityEditor.EditorAssemblies:ProcessInitializeOnLoadMethodAttributes ()

(Filename: ./Library/PackageCache/com.unity.render-pipelines.universal@de1a320b3ed3/Runtime/Data/UniversalRenderPipelineAsset.cs Line: 440)

ScheduleIndexationOnStartup MainProcess:True IndexOnStartup:True
Mono: successfully reloaded assembly
- Finished resetting the current domain, in  2.296 seconds
Domain Reload Profiling: 3223ms
	BeginReloadAssembly (263ms)
		ExecutionOrderSort (0ms)
		DisableScriptedObjects (21ms)
		BackupInstance (0ms)
		ReleaseScriptingObjects (0ms)
		CreateAndSetChildDomain (148ms)
	RebuildCommonClasses (30ms)
	RebuildNativeTypeToScriptingClass (8ms)
	initialDomainReloadingComplete (23ms)
	LoadAllAssembliesAndSetupDomain (602ms)
		LoadAssemblies (498ms)
		RebuildTransferFunctionScriptingTraits (0ms)
		AnalyzeDomain (172ms)
			TypeCache.Refresh (116ms)
				TypeCache.ScanAssembly (108ms)
			BuildScriptInfoCaches (47ms)
			ResolveRequiredComponents (6ms)
	FinalizeReload (2296ms)
		ReleaseScriptCaches (0ms)
		RebuildScriptCaches (0ms)
		SetupLoadedEditorAssemblies (2146ms)
			LogAssemblyErrors (0ms)
			InitializePlatformSupportModulesInManaged (17ms)
			SetLoadedEditorAssemblies (3ms)
			BeforeProcessingInitializeOnLoad (108ms)
			ProcessInitializeOnLoadAttributes (1756ms)
			ProcessInitializeOnLoadMethodAttributes (252ms)
			AfterProcessingInitializeOnLoad (9ms)
			EditorAssembliesLoaded (1ms)
		ExecutionOrderSort2 (0ms)
		AwakeInstancesAfterBackupRestoration (32ms)
Refreshing native plugins compatible for Editor in 4.14 ms, found 5 plugins.
Preloading 0 native plugins for Editor in 0.00 ms.
Asset Pipeline Refresh (id=837bb5d30cd691d48a6743c84c650faa): Total: 5.089 seconds - Initiated by InitialRefreshV2(ForceSynchronousImport)
	Summary:
		Imports: total=0 (actual=0, local cache=0, cache server=0)
		Asset DB Process Time: managed=0 ms, native=2653 ms
		Asset DB Callback time: managed=161 ms, native=31 ms
		Scripting: domain reloads=1, domain reload time=933 ms, compile time=1263 ms, other=46 ms
		Project Asset Count: scripts=1508, non-scripts=3183
		Asset File Changes: new=0, changed=2, moved=0, deleted=0
		Scan Filter Count: 0
	InvokeCustomDependenciesCallbacks: 0.002ms
	InvokePackagesCallback: 25.731ms
	ApplyChangesToAssetFolders: 0.655ms
	Scan: 87.142ms
	OnSourceAssetsModified: 0.957ms
	CategorizeAssetsWithTransientArtifact: 38.241ms
	ProcessAssetsWithTransientArtifactChanges: 49.346ms
	CategorizeAssets: 40.952ms
	ImportOutOfDateAssets: 2308.451ms (1043.591ms without children)
		CompileScripts: 1262.771ms
		ReloadNativeAssets: 0.020ms
		UnloadImportedAssets: 1.318ms
		EnsureUptoDateAssetsAreRegisteredWithGuidPM: 0.411ms
		InitializingProgressBar: 0.001ms
		PostProcessAllAssetNotificationsAddChangedAssets: 0.001ms
		OnDemandSchedulerStart: 0.339ms
	PostProcessAllAssets: 163.270ms
	Hotreload: 5.617ms
	GatherAllCurrentPrimaryArtifactRevisions: 0.002ms
	UnloadStreamsBegin: 1.438ms
	PersistCurrentRevisions: 0.103ms
	UnloadStreamsEnd: 0.001ms
	GenerateScriptTypeHashes: 2.069ms
	Untracked: 2367.499ms

Application.AssetDatabase Initial Refresh End
Launched and connected shader compiler UnityShaderCompiler.exe after 0.02 seconds
Scanning for USB devices : 13.553ms
Initializing Unity extensions:
[MODES] ModeService[none].Initialize
[MODES] ModeService[none].LoadModes
[MODES] Loading mode Default (0) for mode-current-id-ToastyFishBun
Unloading 72 Unused Serialized files (Serialized files now loaded: 0)
Unloading 6889 unused Assets / (12.2 MB). Loaded Objects now: 7651.
Memory consumption went from 212.2 MB to 200.0 MB.
Total: 12.866400 ms (FindLiveObjects: 1.006600 ms CreateObjectMapping: 0.289300 ms MarkObjects: 5.372300 ms  DeleteObjects: 6.197300 ms)

상점 TMP 폰트의 atlas/material 참조가 없어 안전한 기본 폰트로 대체합니다: Assets/Resources/Fonts/StoreV2/GowunBatang-Bold SDF.asset
UnityEngine.Debug:ExtractStackTraceNoAlloc (byte*,int,string)
UnityEngine.StackTraceUtility:ExtractStackTrace ()
UnityEngine.DebugLogHandler:Internal_Log (UnityEngine.LogType,UnityEngine.LogOption,string,UnityEngine.Object)
UnityEngine.DebugLogHandler:LogFormat (UnityEngine.LogType,UnityEngine.Object,string,object[])
UnityEngine.Logger:Log (UnityEngine.LogType,object)
UnityEngine.Debug:LogWarning (object)
StorePrefabBuilder:LoadFont (string,string) (at Assets/Editor/StorePrefabBuilder.cs:335)
StorePrefabBuilder:get_TitleFont () (at Assets/Editor/StorePrefabBuilder.cs:324)
StorePrefabBuilder:BuildAll () (at Assets/Editor/StorePrefabBuilder.cs:40)
StorePrefabBuilder:BuildFromCommandLine () (at Assets/Editor/StorePrefabBuilder.cs:60)
StorePrefabBuilder:BuildAndCaptureFromCommandLine () (at Assets/Editor/StorePrefabBuilder.cs:68)

(Filename: Assets/Editor/StorePrefabBuilder.cs Line: 335)

Unable to add characters to font asset [omyuPretty SDF] because its AtlasPopulationMode is set to Static.
UnityEngine.Debug:ExtractStackTraceNoAlloc (byte*,int,string)
UnityEngine.StackTraceUtility:ExtractStackTrace ()
UnityEngine.DebugLogHandler:Internal_Log (UnityEngine.LogType,UnityEngine.LogOption,string,UnityEngine.Object)
UnityEngine.DebugLogHandler:LogFormat (UnityEngine.LogType,UnityEngine.Object,string,object[])
UnityEngine.Logger:Log (UnityEngine.LogType,object,UnityEngine.Object)
UnityEngine.Debug:LogWarning (object,UnityEngine.Object)
TMPro.TMP_FontAsset:TryAddCharacters (string,string&,bool) (at ./Library/PackageCache/com.unity.ugui@20629863fcab/Runtime/TMP/TMP_FontAsset.cs:2019)
StorePrefabBuilder:EnsureStoreGlyphs (TMPro.TMP_FontAsset) (at Assets/Editor/StorePrefabBuilder.cs:361)
StorePrefabBuilder:BuildAll () (at Assets/Editor/StorePrefabBuilder.cs:40)
StorePrefabBuilder:BuildFromCommandLine () (at Assets/Editor/StorePrefabBuilder.cs:60)
StorePrefabBuilder:BuildAndCaptureFromCommandLine () (at Assets/Editor/StorePrefabBuilder.cs:68)

(Filename: ./Library/PackageCache/com.unity.ugui@20629863fcab/Runtime/TMP/TMP_FontAsset.cs Line: 2019)

상점 폰트에서 만들지 못한 글자: 내일 장사 준비 도구 붕어빵 소 아이템 보유금 팥코인 팥 슈크림 초코 크림치즈 황금 틀 동시 붓기 조리 피버 다음 상품 구매 가능 조건 필요 잠김 포근하고 진한 기본 단맛 부드럽고 달콤한 크림 짭짤하고 두 마리를 한 번에 구울 수 있는 한 번에 두 칸 반죽 잠시 동안 굽는 속도가 빨라짐 새 조리 아이템을 위한 확장 슬롯 골라 보세요 흐름을 바꾸는 일시 효과를 구매한 속은 주문에 등장합니다 도구는 영업일부터 사용할 수 있습니다 마치고 영업일₩0123456789,·—
UnityEngine.Debug:ExtractStackTraceNoAlloc (byte*,int,string)
UnityEngine.StackTraceUtility:ExtractStackTrace ()
UnityEngine.DebugLogHandler:Internal_Log (UnityEngine.LogType,UnityEngine.LogOption,string,UnityEngine.Object)
UnityEngine.DebugLogHandler:LogFormat (UnityEngine.LogType,UnityEngine.Object,string,object[])
UnityEngine.Logger:Log (UnityEngine.LogType,object)
UnityEngine.Debug:LogWarning (object)
StorePrefabBuilder:EnsureStoreGlyphs (TMPro.TMP_FontAsset) (at Assets/Editor/StorePrefabBuilder.cs:362)
StorePrefabBuilder:BuildAll () (at Assets/Editor/StorePrefabBuilder.cs:40)
StorePrefabBuilder:BuildFromCommandLine () (at Assets/Editor/StorePrefabBuilder.cs:60)
StorePrefabBuilder:BuildAndCaptureFromCommandLine () (at Assets/Editor/StorePrefabBuilder.cs:68)

(Filename: Assets/Editor/StorePrefabBuilder.cs Line: 362)

상점 TMP 폰트의 atlas/material 참조가 없어 안전한 기본 폰트로 대체합니다: Assets/Resources/Fonts/StoreV2/GowunDodum-Regular SDF.asset
UnityEngine.Debug:ExtractStackTraceNoAlloc (byte*,int,string)
UnityEngine.StackTraceUtility:ExtractStackTrace ()
UnityEngine.DebugLogHandler:Internal_Log (UnityEngine.LogType,UnityEngine.LogOption,string,UnityEngine.Object)
UnityEngine.DebugLogHandler:LogFormat (UnityEngine.LogType,UnityEngine.Object,string,object[])
UnityEngine.Logger:Log (UnityEngine.LogType,object)
UnityEngine.Debug:LogWarning (object)
StorePrefabBuilder:LoadFont (string,string) (at Assets/Editor/StorePrefabBuilder.cs:335)
StorePrefabBuilder:get_BodyFont () (at Assets/Editor/StorePrefabBuilder.cs:325)
StorePrefabBuilder:BuildAll () (at Assets/Editor/StorePrefabBuilder.cs:41)
StorePrefabBuilder:BuildFromCommandLine () (at Assets/Editor/StorePrefabBuilder.cs:60)
StorePrefabBuilder:BuildAndCaptureFromCommandLine () (at Assets/Editor/StorePrefabBuilder.cs:68)

(Filename: Assets/Editor/StorePrefabBuilder.cs Line: 335)

Unable to add characters to font asset [omyuPretty SDF] because its AtlasPopulationMode is set to Static.
UnityEngine.Debug:ExtractStackTraceNoAlloc (byte*,int,string)
UnityEngine.StackTraceUtility:ExtractStackTrace ()
UnityEngine.DebugLogHandler:Internal_Log (UnityEngine.LogType,UnityEngine.LogOption,string,UnityEngine.Object)
UnityEngine.DebugLogHandler:LogFormat (UnityEngine.LogType,UnityEngine.Object,string,object[])
UnityEngine.Logger:Log (UnityEngine.LogType,object,UnityEngine.Object)
UnityEngine.Debug:LogWarning (object,UnityEngine.Object)
TMPro.TMP_FontAsset:TryAddCharacters (string,string&,bool) (at ./Library/PackageCache/com.unity.ugui@20629863fcab/Runtime/TMP/TMP_FontAsset.cs:2019)
StorePrefabBuilder:EnsureStoreGlyphs (TMPro.TMP_FontAsset) (at Assets/Editor/StorePrefabBuilder.cs:361)
StorePrefabBuilder:BuildAll () (at Assets/Editor/StorePrefabBuilder.cs:41)
StorePrefabBuilder:BuildFromCommandLine () (at Assets/Editor/StorePrefabBuilder.cs:60)
StorePrefabBuilder:BuildAndCaptureFromCommandLine () (at Assets/Editor/StorePrefabBuilder.cs:68)

(Filename: ./Library/PackageCache/com.unity.ugui@20629863fcab/Runtime/TMP/TMP_FontAsset.cs Line: 2019)

상점 폰트에서 만들지 못한 글자: 내일 장사 준비 도구 붕어빵 소 아이템 보유금 팥코인 팥 슈크림 초코 크림치즈 황금 틀 동시 붓기 조리 피버 다음 상품 구매 가능 조건 필요 잠김 포근하고 진한 기본 단맛 부드럽고 달콤한 크림 짭짤하고 두 마리를 한 번에 구울 수 있는 한 번에 두 칸 반죽 잠시 동안 굽는 속도가 빨라짐 새 조리 아이템을 위한 확장 슬롯 골라 보세요 흐름을 바꾸는 일시 효과를 구매한 속은 주문에 등장합니다 도구는 영업일부터 사용할 수 있습니다 마치고 영업일₩0123456789,·—
UnityEngine.Debug:ExtractStackTraceNoAlloc (byte*,int,string)
UnityEngine.StackTraceUtility:ExtractStackTrace ()
UnityEngine.DebugLogHandler:Internal_Log (UnityEngine.LogType,UnityEngine.LogOption,string,UnityEngine.Object)
UnityEngine.DebugLogHandler:LogFormat (UnityEngine.LogType,UnityEngine.Object,string,object[])
UnityEngine.Logger:Log (UnityEngine.LogType,object)
UnityEngine.Debug:LogWarning (object)
StorePrefabBuilder:EnsureStoreGlyphs (TMPro.TMP_FontAsset) (at Assets/Editor/StorePrefabBuilder.cs:362)
StorePrefabBuilder:BuildAll () (at Assets/Editor/StorePrefabBuilder.cs:41)
StorePrefabBuilder:BuildFromCommandLine () (at Assets/Editor/StorePrefabBuilder.cs:60)
StorePrefabBuilder:BuildAndCaptureFromCommandLine () (at Assets/Editor/StorePrefabBuilder.cs:68)

(Filename: Assets/Editor/StorePrefabBuilder.cs Line: 362)

Start importing Assets/Resources/Prefabs/UI/UI_Store.prefab using Guid(272d7d46a5494bc4cb2dc707dc267c83) (PrefabImporter) -> (artifact id: '0f8b9b2bcf3ba16b30a003afc797335a') in 0.0167385 seconds
Refreshing native plugins compatible for Editor in 2.16 ms, found 5 plugins.
Preloading 0 native plugins for Editor in 0.00 ms.
Asset Pipeline Refresh (id=46d9a73e85e99c14baaf270842842e3e): Total: 0.087 seconds - Initiated by StopAssetImportingV2(NoUpdateAssetOptions)
Start importing Assets/Resources/omyuPretty SDF.asset using Guid(f1fbfe906ef9ebc4abbcf90c5cd342a6) (NativeFormatImporter) -> (artifact id: 'd2d35f11eba315e834a339e89275de8f') in 0.0405585 seconds
Refreshing native plugins compatible for Editor in 2.58 ms, found 5 plugins.
Preloading 0 native plugins for Editor in 0.00 ms.
Asset Pipeline Refresh (id=8f680339fc6a4494e8d124c31da52149): Total: 0.125 seconds - Initiated by StopAssetImportingV2(NoUpdateAssetOptions)
Asset Pipeline Refresh (id=2c02faa34a8d1b547a53298508a56f5c): Total: 0.011 seconds - Initiated by RefreshV2(NoUpdateAssetOptions)
피그마 시안 기준의 새 UI_Store 프리팹을 만들었습니다.
UnityEngine.Debug:ExtractStackTraceNoAlloc (byte*,int,string)
UnityEngine.StackTraceUtility:ExtractStackTrace ()
UnityEngine.DebugLogHandler:Internal_Log (UnityEngine.LogType,UnityEngine.LogOption,string,UnityEngine.Object)
UnityEngine.DebugLogHandler:LogFormat (UnityEngine.LogType,UnityEngine.Object,string,object[])
UnityEngine.Logger:Log (UnityEngine.LogType,object)
UnityEngine.Debug:Log (object)
StorePrefabBuilder:BuildAll () (at Assets/Editor/StorePrefabBuilder.cs:50)
StorePrefabBuilder:BuildFromCommandLine () (at Assets/Editor/StorePrefabBuilder.cs:60)
StorePrefabBuilder:BuildAndCaptureFromCommandLine () (at Assets/Editor/StorePrefabBuilder.cs:68)

(Filename: Assets/Editor/StorePrefabBuilder.cs Line: 50)

Unloading 0 Unused Serialized files (Serialized files now loaded: 0)
Unloading 811 unused Assets / (32.3 MB). Loaded Objects now: 7681.
Memory consumption went from 261.7 MB to 229.4 MB.
Total: 7.524700 ms (FindLiveObjects: 0.248300 ms CreateObjectMapping: 0.083900 ms MarkObjects: 6.785600 ms  DeleteObjects: 0.406100 ms)

Unloading 12 Unused Serialized files (Serialized files now loaded: 0)
Unloading 397 unused Assets / (11.5 MB). Loaded Objects now: 7801.
Memory consumption went from 264.2 MB to 252.6 MB.
Total: 7.821200 ms (FindLiveObjects: 0.235400 ms CreateObjectMapping: 0.080300 ms MarkObjects: 7.219000 ms  DeleteObjects: 0.285800 ms)

Batchmode quit successfully invoked - shutting down!
UnassignedReferenceException: The variable m_AtlasTextures of TMP_FontAsset has not been assigned.
You probably need to assign the m_AtlasTextures variable of the TMP_FontAsset script in the inspector.
  at UnityEngine.Object+MarshalledUnityObject.TryThrowEditorNullExceptionObject (UnityEngine.Object unityObj, System.String parameterName) [0x000cd] in <2e73e675e85540d691359a460c857383>:0 
  at UnityEngine.Bindings.ThrowHelper.ThrowNullReferenceException (System.Object obj) [0x00010] in <2e73e675e85540d691359a460c857383>:0 
  at UnityEngine.Texture.GetDataWidth () [0x00006] in <2e73e675e85540d691359a460c857383>:0 
  at UnityEngine.Texture.get_width () [0x00001] in <2e73e675e85540d691359a460c857383>:0 
  at TMPro.EditorEventCallbacks+<>c.<InitializeFontAssetResourceChangeCallBacks>b__0_0 () [0x0001d] in .\Library\PackageCache\com.unity.ugui@20629863fcab\Editor\TMP\TMP_EditorResourceManager.cs:34 
  at UnityEditor.EditorApplication.Internal_EditorApplicationQuit () [0x0001d] in <4a6210677a0042ea8ce1fd85759d4494>:0 

(Filename: ./Library/PackageCache/com.unity.ugui@20629863fcab/Editor/TMP/TMP_EditorResourceManager.cs Line: 34)

[Physics::Module] Cleanup current backend.
[Physics::Module] Id: 0xf2b8ea05
Input System module state changed to: ShutdownInProgress.
Input System polling thread exited.
Input System module state changed to: Shutdown.
[Licensing::IpcConnector] LicenseClient-이혜연-6000.3.22-notifications channel disconnected successfully.
[Licensing::IpcConnector] LicenseClient-이혜연-6000.3.22 channel disconnected successfully.
AcceleratorClientConnectionCallback - disconnected - :0
Cleanup mono
Exiting batchmode successfully now!
Exiting without the bug reporter. Application will terminate with return code 0